// Jest Snapshot v1, https://goo.gl/fbAQLP

exports[`Cone saves to JSON (serialization). 1`] = `
Object {
  "faceCounts": Array [
    16,
  ],
  "faceVertexIndices": Array [
    1,
    0,
    8,
    2,
    1,
    8,
    3,
    2,
    8,
    4,
    3,
    8,
    5,
    4,
    8,
    6,
    5,
    8,
    7,
    6,
    8,
    0,
    7,
    8,
    0,
    1,
    9,
    1,
    2,
    9,
    2,
    3,
    9,
    3,
    4,
    9,
    4,
    5,
    9,
    5,
    6,
    9,
    6,
    7,
    9,
    7,
    0,
    9,
  ],
  "numVertices": 10,
  "params": Object {
    "Cap": Object {
      "value": true,
    },
    "Detail": Object {
      "range": Array [
        3,
        200,
      ],
      "step": 1,
      "value": 8,
    },
    "Height": Object {
      "value": 5,
    },
    "Radius": Object {
      "value": 2,
    },
  },
  "type": "Cone",
  "vertexAttributes": Object {
    "normals": Object {
      "data": Array [
        0.9284766912460327,
        0.3713906705379486,
        0,
        0.6565321683883667,
        0.371390700340271,
        0.6565321683883667,
        5.685280509759434e-17,
        0.3713906705379486,
        0.9284766912460327,
        -0.6565321683883667,
        0.371390700340271,
        0.6565321683883667,
        -0.9284766912460327,
        0.3713906705379486,
        1.1370561019518867e-16,
        -0.6565321683883667,
        0.371390700340271,
        -0.6565321683883667,
        -1.705583954404483e-16,
        0.3713906705379486,
        -0.9284766912460327,
        0.6565321683883667,
        0.371390700340271,
        -0.6565321683883667,
        0.8578006029129028,
        0.371390700340271,
        0.35531264543533325,
        0,
        -1,
        0,
      ],
      "dataType": "Vec3",
      "defaultValue": 1.7976931348623157e+308,
      "length": 10,
      "splitValues": Array [
        Object {
          "x": 0.35531264543533325,
          "y": 0.371390700340271,
          "z": 0.8578006029129028,
        },
        Object {
          "x": -0.35531264543533325,
          "y": 0.371390700340271,
          "z": 0.8578006029129028,
        },
        Object {
          "x": -0.8578006029129028,
          "y": 0.371390700340271,
          "z": 0.35531264543533325,
        },
        Object {
          "x": -0.8578006029129028,
          "y": 0.371390700340271,
          "z": -0.35531264543533325,
        },
        Object {
          "x": -0.35531264543533325,
          "y": 0.371390700340271,
          "z": -0.8578006029129028,
        },
        Object {
          "x": 0.35531264543533325,
          "y": 0.371390700340271,
          "z": -0.8578006029129028,
        },
        Object {
          "x": 0.9284766912460327,
          "y": 0.3713906705379486,
          "z": -2.2741122039037734e-16,
        },
        Object {
          "x": 0.8578006029129028,
          "y": 0.371390700340271,
          "z": -0.35531264543533325,
        },
        Object {
          "x": 0,
          "y": -1,
          "z": 0,
        },
        Object {
          "x": 0,
          "y": -1,
          "z": 0,
        },
        Object {
          "x": 0,
          "y": -1,
          "z": 0,
        },
        Object {
          "x": 0,
          "y": -1,
          "z": 0,
        },
        Object {
          "x": 0,
          "y": -1,
          "z": 0,
        },
        Object {
          "x": 0,
          "y": -1,
          "z": 0,
        },
        Object {
          "x": 0,
          "y": -1,
          "z": 0,
        },
        Object {
          "x": 0,
          "y": -1,
          "z": 0,
        },
      ],
      "splits": Object {
        "0": Object {
          "15": 8,
          "7": 6,
          "8": 8,
        },
        "1": Object {
          "8": 9,
          "9": 9,
        },
        "2": Object {
          "10": 10,
          "9": 10,
        },
        "3": Object {
          "10": 11,
          "11": 11,
        },
        "4": Object {
          "11": 12,
          "12": 12,
        },
        "5": Object {
          "12": 13,
          "13": 13,
        },
        "6": Object {
          "13": 14,
          "14": 14,
        },
        "7": Object {
          "14": 15,
          "15": 15,
        },
        "8": Object {
          "1": 0,
          "2": 1,
          "3": 2,
          "4": 3,
          "5": 4,
          "6": 5,
          "7": 7,
        },
      },
    },
    "positions": Object {
      "data": Array [
        2,
        0,
        0,
        1.4142135381698608,
        1.4142135381698608,
        0,
        1.2246468525851679e-16,
        2,
        0,
        -1.4142135381698608,
        1.4142135381698608,
        0,
        -2,
        2.4492937051703357e-16,
        0,
        -1.4142135381698608,
        -1.4142135381698608,
        0,
        -3.6739402930577075e-16,
        -2,
        0,
        1.4142135381698608,
        -1.4142135381698608,
        0,
        0,
        0,
        5,
        0,
        0,
        0,
      ],
      "dataType": "Vec3",
      "defaultValue": 0,
      "length": 10,
      "splitValues": Array [],
      "splits": Object {},
    },
    "texCoords": Object {
      "data": Array [
        0,
        0,
        0.125,
        0,
        0.125,
        0,
        0.25,
        0,
        0.375,
        0,
        0.5,
        0,
        0.625,
        0,
        0.75,
        0,
        0.0625,
        1,
        Infinity,
        Infinity,
      ],
      "dataType": "Vec2",
      "defaultValue": 1.7976931348623157e+308,
      "length": 10,
      "splitValues": Array [
        Object {
          "x": 0,
          "y": 0,
        },
        Object {
          "x": 0.125,
          "y": 0,
        },
        Object {
          "x": 0.9375,
          "y": 1,
        },
        Object {
          "x": 0.25,
          "y": 0,
        },
        Object {
          "x": 0.1875,
          "y": 1,
        },
        Object {
          "x": 0.375,
          "y": 0,
        },
        Object {
          "x": 0.3125,
          "y": 1,
        },
        Object {
          "x": 0.5,
          "y": 0,
        },
        Object {
          "x": 0.4375,
          "y": 1,
        },
        Object {
          "x": 0.625,
          "y": 0,
        },
        Object {
          "x": 0.5625,
          "y": 1,
        },
        Object {
          "x": 0.75,
          "y": 0,
        },
        Object {
          "x": 0.6875,
          "y": 1,
        },
        Object {
          "x": 0.875,
          "y": 0,
        },
        Object {
          "x": 0.8125,
          "y": 1,
        },
        Object {
          "x": 0.875,
          "y": 0,
        },
        Object {
          "x": 1,
          "y": 0,
        },
      ],
      "splits": Object {
        "0": Object {
          "0": 1,
          "7": 15,
        },
        "1": Object {
          "0": 0,
          "1": 3,
        },
        "2": Object {
          "2": 5,
        },
        "3": Object {
          "3": 7,
        },
        "4": Object {
          "4": 9,
        },
        "5": Object {
          "5": 11,
        },
        "6": Object {
          "6": 13,
        },
        "7": Object {
          "7": 16,
        },
        "8": Object {
          "0": 2,
          "1": 4,
          "2": 6,
          "3": 8,
          "4": 10,
          "5": 12,
          "6": 14,
          "7": 2,
        },
      },
    },
  },
}
`;
