// Jest Snapshot v1, https://goo.gl/fbAQLP

exports[`Disc saves to JSON (serialization). 1`] = `
Object {
  "faceCounts": Array [
    16,
  ],
  "faceVertexIndices": Array [
    0,
    1,
    2,
    0,
    2,
    3,
    0,
    3,
    4,
    0,
    4,
    5,
    0,
    5,
    6,
    0,
    6,
    7,
    0,
    7,
    8,
    0,
    8,
    9,
    0,
    9,
    10,
    0,
    10,
    11,
    0,
    11,
    12,
    0,
    12,
    13,
    0,
    13,
    14,
    0,
    14,
    15,
    0,
    15,
    16,
    0,
    16,
    1,
  ],
  "numVertices": 17,
  "params": Object {
    "Radius": Object {
      "value": 3,
    },
    "Sides": Object {
      "range": Array [
        3,
        200,
      ],
      "step": 1,
      "value": 16,
    },
  },
  "type": "Disc",
  "vertexAttributes": Object {
    "normals": Object {
      "data": Array [
        0,
        0,
        1,
        0,
        0,
        1,
        0,
        0,
        1,
        0,
        0,
        1,
        0,
        0,
        1,
        0,
        0,
        1,
        0,
        0,
        1,
        0,
        0,
        1,
        0,
        0,
        1,
        0,
        0,
        1,
        0,
        0,
        1,
        0,
        0,
        1,
        0,
        0,
        1,
        0,
        0,
        1,
        0,
        0,
        1,
        0,
        0,
        1,
        0,
        0,
        1,
      ],
      "dataType": "Vec3",
      "defaultValue": 1.7976931348623157e+308,
      "length": 17,
      "splitValues": Array [],
      "splits": Object {},
    },
    "positions": Object {
      "data": Array [
        0,
        0,
        0,
        0,
        3,
        0,
        1.148050308227539,
        2.7716386318206787,
        0,
        2.1213202476501465,
        2.1213202476501465,
        0,
        2.7716386318206787,
        1.148050308227539,
        0,
        3,
        1.8369701465288538e-16,
        0,
        2.7716386318206787,
        -1.148050308227539,
        0,
        2.1213202476501465,
        -2.1213202476501465,
        0,
        1.148050308227539,
        -2.7716386318206787,
        0,
        3.6739402930577075e-16,
        -3,
        0,
        -1.148050308227539,
        -2.7716386318206787,
        0,
        -2.1213202476501465,
        -2.1213202476501465,
        0,
        -2.7716386318206787,
        -1.148050308227539,
        0,
        -3,
        -5.510910704284357e-16,
        0,
        -2.7716386318206787,
        1.148050308227539,
        0,
        -2.1213202476501465,
        2.1213202476501465,
        0,
        -1.148050308227539,
        2.7716386318206787,
        0,
      ],
      "dataType": "Vec3",
      "defaultValue": 0,
      "length": 17,
      "splitValues": Array [],
      "splits": Object {},
    },
    "texCoords": Object {
      "data": Array [
        0.5,
        0.5,
        0.5,
        1,
        0.6913416981697083,
        0.9619397521018982,
        0.8535534143447876,
        0.8535534143447876,
        0.9619397521018982,
        0.6913416981697083,
        1,
        0.5,
        0.9619397521018982,
        0.30865827202796936,
        0.8535534143447876,
        0.1464466154575348,
        0.6913416981697083,
        0.03806023299694061,
        0.5,
        0,
        0.30865827202796936,
        0.03806023299694061,
        0.1464466154575348,
        0.1464466154575348,
        0.03806023299694061,
        0.30865827202796936,
        0,
        0.5,
        0.03806023299694061,
        0.6913416981697083,
        0.1464466154575348,
        0.8535534143447876,
        0.30865827202796936,
        0.9619397521018982,
      ],
      "dataType": "Vec2",
      "defaultValue": 1.7976931348623157e+308,
      "length": 17,
      "splitValues": Array [],
      "splits": Object {},
    },
  },
}
`;
