// Jest Snapshot v1, https://goo.gl/fbAQLP

exports[`LinesCuboid saves to JSON (serialization). 1`] = `
Object {
  "params": Object {
    "BaseZAtZero": Object {
      "value": true,
    },
    "X": Object {
      "value": 2,
    },
    "Y": Object {
      "value": 2,
    },
    "Z": Object {
      "value": 2,
    },
  },
  "type": "LinesCuboid",
  "vertexAttributes": Object {},
}
`;
