// Jest Snapshot v1, https://goo.gl/fbAQLP

exports[`PointGrid saves to JSON (serialization). 1`] = `
Object {
  "params": Object {
    "X": Object {
      "value": 3,
    },
    "XDivisions": Object {
      "value": 6,
    },
    "Y": Object {
      "value": 3,
    },
    "YDivisions": Object {
      "value": 6,
    },
  },
  "type": "PointGrid",
  "vertexAttributes": Object {},
}
`;
