// Jest Snapshot v1, https://goo.gl/fbAQLP

exports[`Sphere saves to JSON (serialization). 1`] = `
Object {
  "faceCounts": Array [
    10,
    25,
  ],
  "faceVertexIndices": Array [
    0,
    2,
    1,
    0,
    3,
    2,
    0,
    4,
    3,
    0,
    5,
    4,
    0,
    1,
    5,
    26,
    21,
    22,
    26,
    22,
    23,
    26,
    23,
    24,
    26,
    24,
    25,
    26,
    25,
    21,
    1,
    2,
    7,
    6,
    2,
    3,
    8,
    7,
    3,
    4,
    9,
    8,
    4,
    5,
    10,
    9,
    5,
    1,
    6,
    10,
    6,
    7,
    12,
    11,
    7,
    8,
    13,
    12,
    8,
    9,
    14,
    13,
    9,
    10,
    15,
    14,
    10,
    6,
    11,
    15,
    11,
    12,
    17,
    16,
    12,
    13,
    18,
    17,
    13,
    14,
    19,
    18,
    14,
    15,
    20,
    19,
    15,
    11,
    16,
    20,
    16,
    17,
    22,
    21,
    17,
    18,
    23,
    22,
    18,
    19,
    24,
    23,
    19,
    20,
    25,
    24,
    20,
    16,
    21,
    25,
    0,
    0,
    0,
    0,
    0,
    0,
    0,
    0,
    0,
    0,
    0,
    0,
    0,
    0,
    0,
    0,
    0,
    0,
    0,
    0,
  ],
  "numVertices": 27,
  "params": Object {
    "Loops": Object {
      "range": Array [
        3,
        200,
      ],
      "step": 1,
      "value": 5,
    },
    "Radius": Object {
      "value": 2.6,
    },
    "Sides": Object {
      "range": Array [
        3,
        200,
      ],
      "step": 1,
      "value": 5,
    },
  },
  "type": "Sphere",
  "vertexAttributes": Object {
    "normals": Object {
      "data": Array [
        0,
        0,
        1,
        0.5,
        0,
        0.8660253882408142,
        0.15450850129127502,
        0.4755282700061798,
        0.8660253882408142,
        -0.404508501291275,
        0.29389262199401855,
        0.8660253882408142,
        -0.404508501291275,
        -0.29389262199401855,
        0.8660253882408142,
        0.15450850129127502,
        -0.4755282700061798,
        0.8660253882408142,
        0.8660253882408142,
        0,
        0.5,
        0.2676165699958801,
        0.8236390948295593,
        0.5,
        -0.7006292939186096,
        0.5090369582176208,
        0.5,
        -0.7006292939186096,
        -0.5090369582176208,
        0.5,
        0.2676165699958801,
        -0.8236390948295593,
        0.5,
        1,
        0,
        6.123234262925839e-17,
        0.30901700258255005,
        0.9510565400123596,
        6.123234262925839e-17,
        -0.80901700258255,
        0.5877852439880371,
        6.123234262925839e-17,
        -0.80901700258255,
        -0.5877852439880371,
        6.123234262925839e-17,
        0.30901700258255005,
        -0.9510565400123596,
        6.123234262925839e-17,
        0.8660253882408142,
        0,
        -0.5,
        0.2676165699958801,
        0.8236390948295593,
        -0.5,
        -0.7006292939186096,
        0.5090369582176208,
        -0.5,
        -0.7006292939186096,
        -0.5090369582176208,
        -0.5,
        0.2676165699958801,
        -0.8236390948295593,
        -0.5,
        0.5,
        0,
        -0.8660253882408142,
        0.15450850129127502,
        0.4755282700061798,
        -0.8660253882408142,
        -0.404508501291275,
        0.29389262199401855,
        -0.8660253882408142,
        -0.404508501291275,
        -0.29389262199401855,
        -0.8660253882408142,
        0.15450850129127502,
        -0.4755282700061798,
        -0.8660253882408142,
        0,
        0,
        -1,
      ],
      "dataType": "Vec3",
      "defaultValue": 1.7976931348623157e+308,
      "length": 27,
      "splitValues": Array [],
      "splits": Object {},
    },
    "positions": Object {
      "data": Array [
        0,
        0,
        2.5999999046325684,
        1.2999999523162842,
        0,
        2.2516660690307617,
        0.40172210335731506,
        1.2363735437393188,
        2.2516660690307617,
        -1.0517220497131348,
        0.7641208171844482,
        2.2516660690307617,
        -1.0517220497131348,
        -0.7641208171844482,
        2.2516660690307617,
        0.40172210335731506,
        -1.2363735437393188,
        2.2516660690307617,
        2.2516660690307617,
        0,
        1.2999999523162842,
        0.6958031058311462,
        2.1414616107940674,
        1.2999999523162842,
        -1.8216361999511719,
        1.3234961032867432,
        1.2999999523162842,
        -1.8216361999511719,
        -1.3234961032867432,
        1.2999999523162842,
        0.6958031058311462,
        -2.1414616107940674,
        1.2999999523162842,
        2.5999999046325684,
        0,
        1.5920409083607182e-16,
        0.8034442067146301,
        2.4727470874786377,
        1.5920409083607182e-16,
        -2.1034440994262695,
        1.5282416343688965,
        1.5920409083607182e-16,
        -2.1034440994262695,
        -1.5282416343688965,
        1.5920409083607182e-16,
        0.8034442067146301,
        -2.4727470874786377,
        1.5920409083607182e-16,
        2.2516660690307617,
        0,
        -1.2999999523162842,
        0.6958031058311462,
        2.1414616107940674,
        -1.2999999523162842,
        -1.8216361999511719,
        1.3234961032867432,
        -1.2999999523162842,
        -1.8216361999511719,
        -1.3234961032867432,
        -1.2999999523162842,
        0.6958031058311462,
        -2.1414616107940674,
        -1.2999999523162842,
        1.2999999523162842,
        0,
        -2.2516660690307617,
        0.40172210335731506,
        1.2363735437393188,
        -2.2516660690307617,
        -1.0517220497131348,
        0.7641208171844482,
        -2.2516660690307617,
        -1.0517220497131348,
        -0.7641208171844482,
        -2.2516660690307617,
        0.40172210335731506,
        -1.2363735437393188,
        -2.2516660690307617,
        0,
        0,
        -2.5999999046325684,
      ],
      "dataType": "Vec3",
      "defaultValue": 0,
      "length": 27,
      "splitValues": Array [],
      "splits": Object {},
    },
    "texCoords": Object {
      "data": Array [
        0.5,
        0,
        1,
        0.1666666716337204,
        0.800000011920929,
        0,
        0.6000000238418579,
        0,
        0.4000000059604645,
        0,
        0.20000000298023224,
        0,
        0.20000000298023224,
        0,
        0.20000000298023224,
        0.20000000298023224,
        0.20000000298023224,
        0.4000000059604645,
        0.20000000298023224,
        0.6000000238418579,
        0.20000000298023224,
        0.800000011920929,
        0.4000000059604645,
        0,
        0.4000000059604645,
        0.20000000298023224,
        0.4000000059604645,
        0.4000000059604645,
        0.4000000059604645,
        0.6000000238418579,
        0.4000000059604645,
        0.800000011920929,
        0.6000000238418579,
        0,
        0.6000000238418579,
        0.20000000298023224,
        0.6000000238418579,
        0.4000000059604645,
        0.6000000238418579,
        0.6000000238418579,
        0.6000000238418579,
        0.800000011920929,
        0.800000011920929,
        0.8333333134651184,
        0.5,
        1,
        0.5,
        1,
        0.5,
        1,
        0.5,
        1,
        1,
        0.8333333134651184,
      ],
      "dataType": "Vec2",
      "defaultValue": 1.7976931348623157e+308,
      "length": 27,
      "splitValues": Array [
        Object {
          "x": 0.800000011920929,
          "y": 0.1666666716337204,
        },
        Object {
          "x": 0.6000000238418579,
          "y": 0.1666666716337204,
        },
        Object {
          "x": 0.4000000059604645,
          "y": 0.1666666716337204,
        },
        Object {
          "x": 0,
          "y": 0,
        },
        Object {
          "x": 0.20000000298023224,
          "y": 0.1666666716337204,
        },
        Object {
          "x": 0.800000011920929,
          "y": 0.8333333134651184,
        },
        Object {
          "x": 0.6000000238418579,
          "y": 0.8333333134651184,
        },
        Object {
          "x": 0.6000000238418579,
          "y": 0.8333333134651184,
        },
        Object {
          "x": 0.4000000059604645,
          "y": 0.8333333134651184,
        },
        Object {
          "x": 0.4000000059604645,
          "y": 0.8333333134651184,
        },
        Object {
          "x": 0.20000000298023224,
          "y": 0.8333333134651184,
        },
        Object {
          "x": 0.20000000298023224,
          "y": 0.8333333134651184,
        },
        Object {
          "x": 0,
          "y": 0.8333333134651184,
        },
        Object {
          "x": 0.5,
          "y": 1,
        },
        Object {
          "x": 0,
          "y": 0.20000000298023224,
        },
        Object {
          "x": 0,
          "y": 0.4000000059604645,
        },
        Object {
          "x": 0,
          "y": 0.6000000238418579,
        },
        Object {
          "x": 0,
          "y": 0.800000011920929,
        },
        Object {
          "x": 0,
          "y": 1,
        },
        Object {
          "x": 0.20000000298023224,
          "y": 1,
        },
        Object {
          "x": 0.4000000059604645,
          "y": 1,
        },
        Object {
          "x": 0.6000000238418579,
          "y": 1,
        },
        Object {
          "x": 0.800000011920929,
          "y": 0.20000000298023224,
        },
        Object {
          "x": 0.800000011920929,
          "y": 0,
        },
        Object {
          "x": 0.800000011920929,
          "y": 0.4000000059604645,
        },
        Object {
          "x": 0.800000011920929,
          "y": 0.6000000238418579,
        },
        Object {
          "x": 0.800000011920929,
          "y": 0.800000011920929,
        },
        Object {
          "x": 0.800000011920929,
          "y": 1,
        },
      ],
      "splits": Object {
        "1": Object {
          "10": 3,
          "14": 18,
          "4": 3,
        },
        "11": Object {
          "19": 20,
          "24": 20,
        },
        "16": Object {
          "24": 21,
          "29": 21,
        },
        "2": Object {
          "1": 0,
          "10": 14,
          "11": 14,
        },
        "21": Object {
          "25": 23,
          "29": 27,
          "9": 13,
        },
        "22": Object {
          "25": 22,
          "26": 22,
          "6": 6,
        },
        "23": Object {
          "26": 24,
          "27": 24,
          "7": 8,
        },
        "24": Object {
          "27": 25,
          "28": 25,
          "8": 10,
        },
        "25": Object {
          "28": 26,
          "29": 26,
          "9": 12,
        },
        "26": Object {
          "6": 5,
          "7": 7,
          "8": 9,
          "9": 11,
        },
        "3": Object {
          "11": 15,
          "12": 15,
          "2": 1,
        },
        "4": Object {
          "12": 16,
          "13": 16,
          "3": 2,
        },
        "5": Object {
          "13": 17,
          "14": 17,
          "4": 4,
        },
        "6": Object {
          "14": 19,
          "19": 19,
        },
      },
    },
  },
}
`;
