// Jest Snapshot v1, https://goo.gl/fbAQLP

exports[`Lines saves to JSON (serialization). 1`] = `"{\\"type\\":\\"Lines\\",\\"numVertices\\":3,\\"vertexAttributes\\":{\\"positions\\":{\\"data\\":[1,2,3,-1,-2,-3,2,1,-3],\\"dataType\\":\\"Vec3\\",\\"defaultValue\\":0,\\"length\\":3}},\\"indices\\":[0,1,1,2]}"`;
