// Jest Snapshot v1, https://goo.gl/fbAQLP

exports[`Points saves to JSON (serialization). 1`] = `"{\\"type\\":\\"Points\\",\\"numVertices\\":3,\\"vertexAttributes\\":{\\"positions\\":{\\"data\\":[1,2,3,-1,-2,-3,2,1,-3],\\"dataType\\":\\"Vec3\\",\\"defaultValue\\":0,\\"length\\":3}}}"`;
